------------------------------------------------------------
TimeQuest Timing Analyzer Summary
------------------------------------------------------------

Type  : Slow 1100mV 85C Model Setup 'clk'
Slack : -0.123
TNS   : -0.272

Type  : Slow 1100mV 85C Model Hold 'clk'
Slack : 0.215
TNS   : 0.000

Type  : Slow 1100mV 85C Model Minimum Pulse Width 'clk'
Slack : -0.394
TNS   : -4.164

Type  : Slow 1100mV 0C Model Setup 'clk'
Slack : -0.136
TNS   : -0.240

Type  : Slow 1100mV 0C Model Hold 'clk'
Slack : 0.201
TNS   : 0.000

Type  : Slow 1100mV 0C Model Minimum Pulse Width 'clk'
Slack : -0.394
TNS   : -3.819

Type  : Fast 1100mV 85C Model Setup 'clk'
Slack : 0.282
TNS   : 0.000

Type  : Fast 1100mV 85C Model Hold 'clk'
Slack : 0.130
TNS   : 0.000

Type  : Fast 1100mV 85C Model Minimum Pulse Width 'clk'
Slack : -0.339
TNS   : -2.225

Type  : Fast 1100mV 0C Model Setup 'clk'
Slack : 0.332
TNS   : 0.000

Type  : Fast 1100mV 0C Model Hold 'clk'
Slack : 0.117
TNS   : 0.000

Type  : Fast 1100mV 0C Model Minimum Pulse Width 'clk'
Slack : -0.318
TNS   : -2.080

------------------------------------------------------------
