------------------------------------------------------------
TimeQuest Timing Analyzer Summary
------------------------------------------------------------

Type  : Slow 1100mV 85C Model Setup 'clk'
Slack : -0.151
TNS   : -0.375

Type  : Slow 1100mV 85C Model Hold 'clk'
Slack : 0.225
TNS   : 0.000

Type  : Slow 1100mV 85C Model Minimum Pulse Width 'clk'
Slack : -0.394
TNS   : -3.636

Type  : Slow 1100mV 0C Model Setup 'clk'
Slack : -0.171
TNS   : -0.412

Type  : Slow 1100mV 0C Model Hold 'clk'
Slack : 0.211
TNS   : 0.000

Type  : Slow 1100mV 0C Model Minimum Pulse Width 'clk'
Slack : -0.394
TNS   : -3.423

Type  : Fast 1100mV 85C Model Setup 'clk'
Slack : 0.322
TNS   : 0.000

Type  : Fast 1100mV 85C Model Hold 'clk'
Slack : 0.140
TNS   : 0.000

Type  : Fast 1100mV 85C Model Minimum Pulse Width 'clk'
Slack : -0.298
TNS   : -1.925

Type  : Fast 1100mV 0C Model Setup 'clk'
Slack : 0.346
TNS   : 0.000

Type  : Fast 1100mV 0C Model Hold 'clk'
Slack : 0.125
TNS   : 0.000

Type  : Fast 1100mV 0C Model Minimum Pulse Width 'clk'
Slack : -0.298
TNS   : -1.947

------------------------------------------------------------
