------------------------------------------------------------
TimeQuest Timing Analyzer Summary
------------------------------------------------------------

Type  : Slow 1100mV 85C Model Setup 'clock'
Slack : -2.508
TNS   : -32.577

Type  : Slow 1100mV 85C Model Hold 'clock'
Slack : 0.483
TNS   : 0.000

Type  : Slow 1100mV 85C Model Minimum Pulse Width 'clock'
Slack : -0.394
TNS   : -8.441

Type  : Slow 1100mV 0C Model Setup 'clock'
Slack : -2.534
TNS   : -32.704

Type  : Slow 1100mV 0C Model Hold 'clock'
Slack : 0.498
TNS   : 0.000

Type  : Slow 1100mV 0C Model Minimum Pulse Width 'clock'
Slack : -0.394
TNS   : -8.861

Type  : Fast 1100mV 85C Model Setup 'clock'
Slack : -1.007
TNS   : -12.649

Type  : Fast 1100mV 85C Model Hold 'clock'
Slack : 0.219
TNS   : 0.000

Type  : Fast 1100mV 85C Model Minimum Pulse Width 'clock'
Slack : -0.091
TNS   : -1.375

Type  : Fast 1100mV 0C Model Setup 'clock'
Slack : -0.879
TNS   : -10.651

Type  : Fast 1100mV 0C Model Hold 'clock'
Slack : 0.212
TNS   : 0.000

Type  : Fast 1100mV 0C Model Minimum Pulse Width 'clock'
Slack : -0.088
TNS   : -1.375

------------------------------------------------------------
